// Jest Snapshot v1, https://goo.gl/fbAQLP

exports[`renders loading component 1`] = `
ShallowWrapper {
  Symbol(enzyme.__root__): [Circular],
  Symbol(enzyme.__unrendered__): <Loading />,
  Symbol(enzyme.__renderer__): Object {
    "batchedUpdates": [Function],
    "checkPropTypes": [Function],
    "getNode": [Function],
    "render": [Function],
    "simulateError": [Function],
    "simulateEvent": [Function],
    "unmount": [Function],
  },
  Symbol(enzyme.__node__): Object {
    "instance": null,
    "key": undefined,
    "nodeType": "host",
    "props": Object {
      "children": <div
        className="row"
      >
        <div
          className="col-md-12 text-center"
        >
          <img
            alt="Loading..."
            src="https://res.cloudinary.com/mtninja/image/upload/v1551554469/loading_yunyf4.gif"
          />
        </div>
      </div>,
      "className": "container",
    },
    "ref": null,
    "rendered": Object {
      "instance": null,
      "key": undefined,
      "nodeType": "host",
      "props": Object {
        "children": <div
          className="col-md-12 text-center"
        >
          <img
            alt="Loading..."
            src="https://res.cloudinary.com/mtninja/image/upload/v1551554469/loading_yunyf4.gif"
          />
        </div>,
        "className": "row",
      },
      "ref": null,
      "rendered": Object {
        "instance": null,
        "key": undefined,
        "nodeType": "host",
        "props": Object {
          "children": <img
            alt="Loading..."
            src="https://res.cloudinary.com/mtninja/image/upload/v1551554469/loading_yunyf4.gif"
          />,
          "className": "col-md-12 text-center",
        },
        "ref": null,
        "rendered": Object {
          "instance": null,
          "key": undefined,
          "nodeType": "host",
          "props": Object {
            "alt": "Loading...",
            "src": "https://res.cloudinary.com/mtninja/image/upload/v1551554469/loading_yunyf4.gif",
          },
          "ref": null,
          "rendered": null,
          "type": "img",
        },
        "type": "div",
      },
      "type": "div",
    },
    "type": "div",
  },
  Symbol(enzyme.__nodes__): Array [
    Object {
      "instance": null,
      "key": undefined,
      "nodeType": "host",
      "props": Object {
        "children": <div
          className="row"
        >
          <div
            className="col-md-12 text-center"
          >
            <img
              alt="Loading..."
              src="https://res.cloudinary.com/mtninja/image/upload/v1551554469/loading_yunyf4.gif"
            />
          </div>
        </div>,
        "className": "container",
      },
      "ref": null,
      "rendered": Object {
        "instance": null,
        "key": undefined,
        "nodeType": "host",
        "props": Object {
          "children": <div
            className="col-md-12 text-center"
          >
            <img
              alt="Loading..."
              src="https://res.cloudinary.com/mtninja/image/upload/v1551554469/loading_yunyf4.gif"
            />
          </div>,
          "className": "row",
        },
        "ref": null,
        "rendered": Object {
          "instance": null,
          "key": undefined,
          "nodeType": "host",
          "props": Object {
            "children": <img
              alt="Loading..."
              src="https://res.cloudinary.com/mtninja/image/upload/v1551554469/loading_yunyf4.gif"
            />,
            "className": "col-md-12 text-center",
          },
          "ref": null,
          "rendered": Object {
            "instance": null,
            "key": undefined,
            "nodeType": "host",
            "props": Object {
              "alt": "Loading...",
              "src": "https://res.cloudinary.com/mtninja/image/upload/v1551554469/loading_yunyf4.gif",
            },
            "ref": null,
            "rendered": null,
            "type": "img",
          },
          "type": "div",
        },
        "type": "div",
      },
      "type": "div",
    },
  ],
  Symbol(enzyme.__options__): Object {
    "adapter": ReactSixteenAdapter {
      "options": Object {
        "enableComponentDidUpdateOnSetState": true,
        "legacyContextMode": "parent",
        "lifecycles": Object {
          "componentDidUpdate": Object {
            "onSetState": true,
          },
          "getChildContext": Object {
            "calledByRenderer": false,
          },
          "getDerivedStateFromError": true,
          "getDerivedStateFromProps": Object {
            "hasShouldComponentUpdateBug": false,
          },
          "getSnapshotBeforeUpdate": true,
          "setState": Object {
            "skipsComponentDidUpdateOnNullish": true,
          },
        },
      },
    },
    Symbol(enzyme.__providerValues__): undefined,
  },
  Symbol(enzyme.__providerValues__): Map {},
}
`;
